V3 3
FL D:/Goutam_Debnath_Xilinx/Class_asgn/ud_counter/UD_COUNTER.vhd 2015/03/23.14:58:57 O.40d
EN work/UD_COUNTER 1427102193 \
      FL D:/Goutam_Debnath_Xilinx/Class_asgn/ud_counter/UD_COUNTER.vhd \
      PB ieee/std_logic_1164 1296775758 PB ieee/std_logic_arith 1296775759 \
      PB ieee/STD_LOGIC_UNSIGNED 1296775760
AR work/UD_COUNTER/Behavioral 1427102194 \
      FL D:/Goutam_Debnath_Xilinx/Class_asgn/ud_counter/UD_COUNTER.vhd \
      EN work/UD_COUNTER 1427102193
