V3 3
FL D:/Goutam_Debnath_Xilinx/half_adder/H_ADDER.vhd 2015/03/08.19:19:11 O.40d
EN work/H_ADDER 1425893192 FL D:/Goutam_Debnath_Xilinx/half_adder/H_ADDER.vhd \
      PB ieee/std_logic_1164 1296775758
AR work/H_ADDER/Behavioral 1425893193 \
      FL D:/Goutam_Debnath_Xilinx/half_adder/H_ADDER.vhd EN work/H_ADDER 1425893192
