V3 3
FL D:/Goutam_Debnath_Xilinx/Class_asgn/decade_counter/DECADE_COUNTER.vhd 2015/03/23.15:26:16 O.40d
EN work/DECADE_COUNTER 1427103709 \
      FL D:/Goutam_Debnath_Xilinx/Class_asgn/decade_counter/DECADE_COUNTER.vhd \
      PB ieee/std_logic_1164 1296775758 PB ieee/std_logic_arith 1296775759 \
      PB ieee/STD_LOGIC_UNSIGNED 1296775760
AR work/DECADE_COUNTER/Behavioral 1427103710 \
      FL D:/Goutam_Debnath_Xilinx/Class_asgn/decade_counter/DECADE_COUNTER.vhd \
      EN work/DECADE_COUNTER 1427103709
